Archive member included to satisfy reference by file (symbol)

/opt/riscv/lib/gcc/riscv64-unknown-elf/15.1.0/rv32im/ilp32/libgcc.a(_divdi3.o)
                              main_adaptive.o (__divdi3)
/opt/riscv/lib/gcc/riscv64-unknown-elf/15.1.0/rv32im/ilp32/libgcc.a(_clz.o)
                              /opt/riscv/lib/gcc/riscv64-unknown-elf/15.1.0/rv32im/ilp32/libgcc.a(_divdi3.o) (__clz_tab)

Discarded input sections

 .comment       0x00000000       0x1a main_adaptive.o
 .note.GNU-stack
                0x00000000        0x0 main_adaptive.o
 .comment       0x00000000       0x1a /opt/riscv/lib/gcc/riscv64-unknown-elf/15.1.0/rv32im/ilp32/libgcc.a(_divdi3.o)
 .note.GNU-stack
                0x00000000        0x0 /opt/riscv/lib/gcc/riscv64-unknown-elf/15.1.0/rv32im/ilp32/libgcc.a(_divdi3.o)
 .eh_frame      0x00000000       0x28 /opt/riscv/lib/gcc/riscv64-unknown-elf/15.1.0/rv32im/ilp32/libgcc.a(_divdi3.o)
 .comment       0x00000000       0x1a /opt/riscv/lib/gcc/riscv64-unknown-elf/15.1.0/rv32im/ilp32/libgcc.a(_clz.o)
 .note.GNU-stack
                0x00000000        0x0 /opt/riscv/lib/gcc/riscv64-unknown-elf/15.1.0/rv32im/ilp32/libgcc.a(_clz.o)

Memory Configuration

Name             Origin             Length             Attributes
ROM              0x80000000         0x00100000         xr
RAM              0x80100000         0x00080000         xrw
*default*        0x00000000         0xffffffff

Linker script and memory map

LOAD main_adaptive.o
LOAD startup.o
LOAD /opt/riscv/lib/gcc/riscv64-unknown-elf/15.1.0/rv32im/ilp32/libgcc.a

.text           0x80000000     0xdcb8
 *(.text.init)
 .text.init     0x80000000       0xa0 startup.o
                0x80000000                _start
 *(.text.startup)
 .text.startup  0x800000a0       0xd0 main_adaptive.o
                0x800000a0                main
 *(.text.init)
 *(.text.startup)
 *(.text)
 .text          0x80000170     0x1050 main_adaptive.o
                0x800009b0                predict_fixed(long const*)
                0x80000c20                predict(double const*)
                0x80000c84                predict_batch(double const*, int, int*)
                0x80000d78                predict_batch_fixed(long const*, int, int*)
                0x80000de0                predict_with_confidence(double const*, int*, double*)
                0x800010e8                init_test_samples()
                0x80001174                classify_from_sensors_fixed(long volatile*)
 .text          0x800011c0        0x8 startup.o
                0x800011c0                trap_handler
                0x800011c4                reset_handler
 .text          0x800011c8      0x40c /opt/riscv/lib/gcc/riscv64-unknown-elf/15.1.0/rv32im/ilp32/libgcc.a(_divdi3.o)
                0x800011c8                __divdi3
 .text          0x800015d4        0x0 /opt/riscv/lib/gcc/riscv64-unknown-elf/15.1.0/rv32im/ilp32/libgcc.a(_clz.o)
 *(.text*)
 *(.text.unlikely)
 *(.text.hot)
 *(.gnu.linkonce.t.*)
                0x800015d8                        . = ALIGN (0x8)
 *fill*         0x800015d4        0x4 
 *(.rodata)
 .rodata        0x800015d8     0xc5b8 main_adaptive.o
 .rodata        0x8000db90      0x100 /opt/riscv/lib/gcc/riscv64-unknown-elf/15.1.0/rv32im/ilp32/libgcc.a(_clz.o)
                0x8000db90                __clz_tab
 *(.rodata*)
 .rodata.cst16  0x8000dc90       0x10 main_adaptive.o
 *(.srodata)
 *(.srodata*)
 .srodata.cst8  0x8000dca0       0x18 main_adaptive.o
 *(.gnu.linkonce.r.*)
                0x8000dcb8                        . = ALIGN (0x8)
                0x8000dcb8                        _etext = .
                [!provide]                        PROVIDE (etext = .)

.rela.dyn       0x8000dcb8        0x0
 .rela.text     0x8000dcb8        0x0 main_adaptive.o
 .rela.text.init
                0x8000dcb8        0x0 main_adaptive.o

.preinit_array  0x8000dcb8        0x0
                [!provide]                        PROVIDE (__preinit_array_start = .)
 *(.preinit_array)
                [!provide]                        PROVIDE (__preinit_array_end = .)

.init_array     0x8000dcb8        0x0
                [!provide]                        PROVIDE (__init_array_start = .)
 *(SORT_BY_INIT_PRIORITY(.init_array.*))
 *(SORT_BY_INIT_PRIORITY(.ctors.*))
 *(.init_array EXCLUDE_FILE(*crtend?.o *crtend.o *crtbegin?.o *crtbegin.o) .ctors)
                [!provide]                        PROVIDE (__init_array_end = .)

.fini_array     0x8000dcb8        0x0
                [!provide]                        PROVIDE (__fini_array_start = .)
 *(SORT_BY_INIT_PRIORITY(.fini_array.*))
 *(SORT_BY_INIT_PRIORITY(.dtors.*))
 *(.fini_array EXCLUDE_FILE(*crtend?.o *crtend.o *crtbegin?.o *crtbegin.o) .dtors)
                [!provide]                        PROVIDE (__fini_array_end = .)

.data           0x80100000        0x0 load address 0x8000dcb8
                0x80100000                        . = ALIGN (0x8)
                0x80100000                        _data_start = .
                0x80100000                        __data_start = .
                [!provide]                        PROVIDE (data_start = .)
 *(.data)
 .data          0x80100000        0x0 main_adaptive.o
 .data          0x80100000        0x0 startup.o
 .data          0x80100000        0x0 /opt/riscv/lib/gcc/riscv64-unknown-elf/15.1.0/rv32im/ilp32/libgcc.a(_divdi3.o)
 .data          0x80100000        0x0 /opt/riscv/lib/gcc/riscv64-unknown-elf/15.1.0/rv32im/ilp32/libgcc.a(_clz.o)
 *(.data*)
 *(.gnu.linkonce.d.*)
                0x80100000                        . = ALIGN (0x8)
                0x80100000                        _data_end = .
                0x80100000                        __data_end = .
                [!provide]                        PROVIDE (data_end = .)
                0x8000dcb8                        _data_load = LOADADDR (.data)
                0x8000dcb8                        _data_load_start = LOADADDR (.data)

.sdata          0x80100000        0x0 load address 0x8000dcb8
                0x80100000                        . = ALIGN (0x8)
                0x80100000                        _sdata_start = .
                0x80100000                        __sdata_start = .
                0x80100800                        __global_pointer$ = (. + 0x800)
 *(.sdata)
 *(.sdata*)
 *(.sdata2)
 *(.sdata2*)
 *(.gnu.linkonce.s.*)
                0x80100000                        . = ALIGN (0x8)
                0x80100000                        _sdata_end = .
                0x80100000                        __sdata_end = .
                0x8000dcb8                        _sdata_load = LOADADDR (.sdata)

.got            0x8000dcb8        0x0
                0x8000dcb8                        . = ALIGN (0x8)
 *(.got)
 *(.got.plt)
                0x8000dcb8                        . = ALIGN (0x8)

.bss            0x80100000     0xa178
                0x80100000                        . = ALIGN (0x8)
                0x80100000                        _bss_start = .
                0x80100000                        __bss_start = .
                [!provide]                        PROVIDE (bss_start = .)
 *(.bss)
 .bss           0x80100000     0xa170 main_adaptive.o
 .bss           0x8010a170        0x0 startup.o
 .bss           0x8010a170        0x0 /opt/riscv/lib/gcc/riscv64-unknown-elf/15.1.0/rv32im/ilp32/libgcc.a(_divdi3.o)
 .bss           0x8010a170        0x0 /opt/riscv/lib/gcc/riscv64-unknown-elf/15.1.0/rv32im/ilp32/libgcc.a(_clz.o)
 *(.bss*)
 *(.sbss)
 .sbss          0x8010a170        0x8 main_adaptive.o
 *(.sbss*)
 *(.gnu.linkonce.b.*)
 *(COMMON)
                0x8010a178                        . = ALIGN (0x8)
                0x8010a178                        _bss_end = .
                0x8010a178                        __bss_end = .
                [!provide]                        PROVIDE (bss_end = .)
                0x8010a180                        . = ALIGN (0x10)
                0x8010a180                        _heap_start = .
                0x8010a180                        __heap_start = .
                [!provide]                        PROVIDE (heap_start = .)
                0x00004000                        _stack_size = 0x4000
                0x8017c000                        _stack_start = ((ORIGIN (RAM) + LENGTH (RAM)) - _stack_size)
                0x80180000                        _stack_top = (ORIGIN (RAM) + LENGTH (RAM))
                0x80180000                        __stack_top = _stack_top
                [!provide]                        PROVIDE (stack_top = _stack_top)
                0x8017c000                        _heap_end = _stack_start
                0x8017c000                        __heap_end = _heap_end
                [!provide]                        PROVIDE (heap_end = _heap_end)
                0x80000000                        _rom_start = ORIGIN (ROM)
                0x80100000                        _rom_end = (ORIGIN (ROM) + LENGTH (ROM))
                0x80100000                        _ram_start = ORIGIN (RAM)
                0x80180000                        _ram_end = (ORIGIN (RAM) + LENGTH (RAM))

/DISCARD/
 *(.note*)
 *(.comment)
 *(.eh_frame*)
 *(.eh_frame_hdr)
 *(.ARM.exidx*)
 *(.ARM.extab*)
                0x00000001                        ASSERT ((_stack_top > _heap_start), ERROR: Stack and heap overlap!)
                0x00000001                        ASSERT ((_bss_end < _stack_start), ERROR: BSS section extends into stack region!)
                0x00000001                        ASSERT ((_etext < (ORIGIN (ROM) + LENGTH (ROM))), ERROR: Code section too large for ROM!)
                0x00000001                        ASSERT ((_bss_end < _stack_start), ERROR: Data sections too large for available RAM!)
OUTPUT(wine_classifier.elf elf32-littleriscv)

.riscv.attributes
                0x00000000       0x97
 .riscv.attributes
                0x00000000       0x97 main_adaptive.o
 .riscv.attributes
                0x00000097       0x95 startup.o
 .riscv.attributes
                0x0000012c       0x2a /opt/riscv/lib/gcc/riscv64-unknown-elf/15.1.0/rv32im/ilp32/libgcc.a(_divdi3.o)
 .riscv.attributes
                0x00000156       0x2a /opt/riscv/lib/gcc/riscv64-unknown-elf/15.1.0/rv32im/ilp32/libgcc.a(_clz.o)

.debug_info     0x00000000      0x978
 .debug_info    0x00000000      0x886 /opt/riscv/lib/gcc/riscv64-unknown-elf/15.1.0/rv32im/ilp32/libgcc.a(_divdi3.o)
 .debug_info    0x00000886       0xf2 /opt/riscv/lib/gcc/riscv64-unknown-elf/15.1.0/rv32im/ilp32/libgcc.a(_clz.o)

.debug_abbrev   0x00000000      0x24c
 .debug_abbrev  0x00000000      0x1d6 /opt/riscv/lib/gcc/riscv64-unknown-elf/15.1.0/rv32im/ilp32/libgcc.a(_divdi3.o)
 .debug_abbrev  0x000001d6       0x76 /opt/riscv/lib/gcc/riscv64-unknown-elf/15.1.0/rv32im/ilp32/libgcc.a(_clz.o)

.debug_loclists
                0x00000000      0x861
 .debug_loclists
                0x00000000      0x861 /opt/riscv/lib/gcc/riscv64-unknown-elf/15.1.0/rv32im/ilp32/libgcc.a(_divdi3.o)

.debug_aranges  0x00000000       0x38
 .debug_aranges
                0x00000000       0x20 /opt/riscv/lib/gcc/riscv64-unknown-elf/15.1.0/rv32im/ilp32/libgcc.a(_divdi3.o)
 .debug_aranges
                0x00000020       0x18 /opt/riscv/lib/gcc/riscv64-unknown-elf/15.1.0/rv32im/ilp32/libgcc.a(_clz.o)

.debug_rnglists
                0x00000000       0x9f
 .debug_rnglists
                0x00000000       0x9f /opt/riscv/lib/gcc/riscv64-unknown-elf/15.1.0/rv32im/ilp32/libgcc.a(_divdi3.o)

.debug_line     0x00000000      0xbd2
 .debug_line    0x00000000      0xb89 /opt/riscv/lib/gcc/riscv64-unknown-elf/15.1.0/rv32im/ilp32/libgcc.a(_divdi3.o)
 .debug_line    0x00000b89       0x49 /opt/riscv/lib/gcc/riscv64-unknown-elf/15.1.0/rv32im/ilp32/libgcc.a(_clz.o)

.debug_str      0x00000000      0x2a8
 .debug_str     0x00000000      0x2a8 /opt/riscv/lib/gcc/riscv64-unknown-elf/15.1.0/rv32im/ilp32/libgcc.a(_divdi3.o)
                                0x264 (size before relaxing)
 .debug_str     0x000002a8        0x0 /opt/riscv/lib/gcc/riscv64-unknown-elf/15.1.0/rv32im/ilp32/libgcc.a(_clz.o)
                                0x1b2 (size before relaxing)

.debug_line_str
                0x00000000       0xb5
 .debug_line_str
                0x00000000       0xb5 /opt/riscv/lib/gcc/riscv64-unknown-elf/15.1.0/rv32im/ilp32/libgcc.a(_divdi3.o)
                                 0xbf (size before relaxing)
 .debug_line_str
                0x000000b5        0x0 /opt/riscv/lib/gcc/riscv64-unknown-elf/15.1.0/rv32im/ilp32/libgcc.a(_clz.o)
                                 0xbf (size before relaxing)
