
Discarded input sections

 .text          0x00000000        0x0 main.o
 .data          0x00000000        0x0 main.o
 .bss           0x00000000        0x0 main.o
 .text.standardize_features
                0x00000000       0x54 main.o
 .text.argmax   0x00000000       0x40 main.o
 .comment       0x00000000       0x1a main.o
 .note.GNU-stack
                0x00000000        0x0 main.o
 .text          0x00000000        0x4 startup.o
 .data          0x00000000        0x0 startup.o
 .bss           0x00000000        0x0 startup.o

Memory Configuration

Name             Origin             Length             Attributes
ROM              0x80000000         0x00100000         xr
RAM              0x80100000         0x00080000         xrw
*default*        0x00000000         0xffffffff

Linker script and memory map

LOAD main.o
LOAD startup.o

.text           0x80000000      0x4e0
 *(.text.init)
 .text.init     0x80000000       0xa0 startup.o
                0x80000000                _start
 *(.text.startup)
 *(.text.init)
 *(.text.startup)
 *(.text)
 *(.text*)
 .text.initialize_model_fixed
                0x800000a0      0x130 main.o
                0x800000a0                initialize_model_fixed
 .text.pca_project
                0x800001d0       0x70 main.o
                0x800001d0                pca_project
 .text.lda_score
                0x80000240       0x84 main.o
                0x80000240                lda_score
 .text.lda_predict
                0x800002c4       0xa8 main.o
                0x800002c4                lda_predict
 .text.startup.main
                0x8000036c       0x50 main.o
                0x8000036c                main
 *(.text.unlikely)
 *(.text.hot)
 *(.gnu.linkonce.t.*)
                0x800003c0                        . = ALIGN (0x8)
 *fill*         0x800003bc        0x4 
 *(.rodata)
 *(.rodata*)
 .rodata.lda_weights_fixed_data
                0x800003c0       0x60 main.o
 .rodata.pca_matrix_fixed_data
                0x80000420       0x90 main.o
 .rodata.cst16  0x800004b0       0x30 main.o
 *(.srodata)
 *(.srodata*)
 *(.gnu.linkonce.r.*)
                0x800004e0                        . = ALIGN (0x8)
                0x800004e0                        _etext = .
                [!provide]                        PROVIDE (etext = .)

.rela.dyn       0x800004e0        0x0
 .rela.text.init
                0x800004e0        0x0 main.o

.preinit_array  0x800004e0        0x0
                [!provide]                        PROVIDE (__preinit_array_start = .)
 *(.preinit_array)
                [!provide]                        PROVIDE (__preinit_array_end = .)

.init_array     0x800004e0        0x0
                [!provide]                        PROVIDE (__init_array_start = .)
 *(SORT_BY_INIT_PRIORITY(.init_array.*))
 *(SORT_BY_INIT_PRIORITY(.ctors.*))
 *(.init_array EXCLUDE_FILE(*crtend?.o *crtend.o *crtbegin?.o *crtbegin.o) .ctors)
                [!provide]                        PROVIDE (__init_array_end = .)

.fini_array     0x800004e0        0x0
                [!provide]                        PROVIDE (__fini_array_start = .)
 *(SORT_BY_INIT_PRIORITY(.fini_array.*))
 *(SORT_BY_INIT_PRIORITY(.dtors.*))
 *(.fini_array EXCLUDE_FILE(*crtend?.o *crtend.o *crtbegin?.o *crtbegin.o) .dtors)
                [!provide]                        PROVIDE (__fini_array_end = .)

.data           0x80100000        0x0 load address 0x800004e0
                0x80100000                        . = ALIGN (0x8)
                0x80100000                        _data_start = .
                0x80100000                        __data_start = .
                [!provide]                        PROVIDE (data_start = .)
 *(.data)
 *(.data*)
 *(.gnu.linkonce.d.*)
                0x80100000                        . = ALIGN (0x8)
                0x80100000                        _data_end = .
                0x80100000                        __data_end = .
                [!provide]                        PROVIDE (data_end = .)
                0x800004e0                        _data_load = LOADADDR (.data)
                0x800004e0                        _data_load_start = LOADADDR (.data)

.sdata          0x80100000        0x0 load address 0x800004e0
                0x80100000                        . = ALIGN (0x8)
                0x80100000                        _sdata_start = .
                0x80100000                        __sdata_start = .
                0x80100800                        __global_pointer$ = (. + 0x800)
 *(.sdata)
 *(.sdata*)
 *(.sdata2)
 *(.sdata2*)
 *(.gnu.linkonce.s.*)
                0x80100000                        . = ALIGN (0x8)
                0x80100000                        _sdata_end = .
                0x80100000                        __sdata_end = .
                0x800004e0                        _sdata_load = LOADADDR (.sdata)

.got            0x800004e0        0x0
                0x800004e0                        . = ALIGN (0x8)
 *(.got)
 *(.got.plt)
                0x800004e0                        . = ALIGN (0x8)

.bss            0x80100000      0x130
                0x80100000                        . = ALIGN (0x8)
                0x80100000                        _bss_start = .
                0x80100000                        __bss_start = .
                [!provide]                        PROVIDE (bss_start = .)
 *(.bss)
 *(.bss*)
 .bss.lda_bias_fixed
                0x80100000       0x10 main.o
 .bss.lda_weights_fixed
                0x80100010       0x60 main.o
 .bss.pca_matrix_fixed
                0x80100070       0x90 main.o
 .bss.feature_stddevs_inv_fixed
                0x80100100       0x18 main.o
 .bss.feature_means_fixed
                0x80100118       0x18 main.o
 *(.sbss)
 *(.sbss*)
 *(.gnu.linkonce.b.*)
 *(COMMON)
                0x80100130                        . = ALIGN (0x8)
                0x80100130                        _bss_end = .
                0x80100130                        __bss_end = .
                [!provide]                        PROVIDE (bss_end = .)
                0x80100130                        . = ALIGN (0x10)
                0x80100130                        _heap_start = .
                0x80100130                        __heap_start = .
                [!provide]                        PROVIDE (heap_start = .)
                0x00004000                        _stack_size = 0x4000
                0x8017c000                        _stack_start = ((ORIGIN (RAM) + LENGTH (RAM)) - _stack_size)
                0x80180000                        _stack_top = (ORIGIN (RAM) + LENGTH (RAM))
                0x80180000                        __stack_top = _stack_top
                [!provide]                        PROVIDE (stack_top = _stack_top)
                0x8017c000                        _heap_end = _stack_start
                0x8017c000                        __heap_end = _heap_end
                [!provide]                        PROVIDE (heap_end = _heap_end)
                0x80000000                        _rom_start = ORIGIN (ROM)
                0x80100000                        _rom_end = (ORIGIN (ROM) + LENGTH (ROM))
                0x80100000                        _ram_start = ORIGIN (RAM)
                0x80180000                        _ram_end = (ORIGIN (RAM) + LENGTH (RAM))

/DISCARD/
 *(.note*)
 *(.comment)
 *(.eh_frame*)
 *(.eh_frame_hdr)
 *(.ARM.exidx*)
 *(.ARM.extab*)
                0x00000001                        ASSERT ((_stack_top > _heap_start), ERROR: Stack and heap overlap!)
                0x00000001                        ASSERT ((_bss_end < _stack_start), ERROR: BSS section extends into stack region!)
                0x00000001                        ASSERT ((_etext < (ORIGIN (ROM) + LENGTH (ROM))), ERROR: Code section too large for ROM!)
                0x00000001                        ASSERT ((_bss_end < _stack_start), ERROR: Data sections too large for available RAM!)
OUTPUT(lda_inference.elf elf32-littleriscv)

.riscv.attributes
                0x00000000       0xa3
 .riscv.attributes
                0x00000000       0x9f main.o
 .riscv.attributes
                0x0000009f       0xa1 startup.o
